LoRaMac.c:816:13:OnRadioTxDone	24	static
LoRaMac.c:830:13:OnRadioRxDone	24	static
LoRaMac.c:848:13:OnRadioTxTimeout	8	static
LoRaMac.c:859:13:OnRadioRxError	8	static
LoRaMac.c:869:13:OnRadioRxTimeout	8	static
LoRaMac.c:880:13:UpdateRxSlotIdleState	4	static
LoRaMac.c:892:13:ProcessRadioTxDone	64	static
LoRaMac.c:938:13:PrepareRxDoneAbort	8	static
LoRaMac.c:953:13:ProcessRadioRxDone	168	static
LoRaMac.c:1368:13:ProcessRadioTxTimeout	8	static
LoRaMac.c:1385:13:HandleRadioRxErrorTimeout	24	static
LoRaMac.c:1450:13:ProcessRadioRxError	8	static
LoRaMac.c:1455:13:ProcessRadioRxTimeout	8	static
LoRaMac.c:1460:13:LoRaMacHandleIrqEvents	24	static,ignoring_inline_asm
LoRaMac.c:1494:13:LoRaMacEnableRequests	16	static
LoRaMac.c:1499:13:LoRaMacHandleRequestEvents	16	static
LoRaMac.c:1543:13:LoRaMacHandleScheduleUplinkEvent	16	static
LoRaMac.c:1558:13:LoRaMacHandleIndicationEvents	40	static
LoRaMac.c:1585:13:LoRaMacHandleMcpsRequest	16	static
LoRaMac.c:1639:13:LoRaMacHandleMlmeRequest	8	static
LoRaMac.c:1660:16:LoRaMacCheckForBeaconAcquisition	8	static
LoRaMac.c:1674:13:LoRaMacCheckForRxAbort	4	static
LoRaMac.c:1684:13:OnTxDelayedTimerEvent	16	static
LoRaMac.c:1710:13:OnRxWindow1TimerEvent	16	static
LoRaMac.c:1722:13:OnRxWindow2TimerEvent	16	static
LoRaMac.c:1740:13:OnAckTimeoutTimerEvent	16	static
LoRaMac.c:1758:30:GetFCntDown	24	static
LoRaMac.c:1808:24:SwitchClass	32	static
LoRaMac.c:1892:16:GetMaxAppPayloadWithoutFOptsLength	32	static
LoRaMac.c:1913:13:ValidatePayloadLength	24	static
LoRaMac.c:1931:13:SetMlmeScheduleUplinkIndication	4	static
LoRaMac.c:1936:13:ProcessMacCommands	160	static
LoRaMac.c:2258:24:Send	64	static
LoRaMac.c:2344:24:SendReJoinReq	24	static
LoRaMac.c:2382:24:CheckForClassBCollision	8	static
LoRaMac.c:2403:13:ComputeRxWindowParameters	24	static
LoRaMac.c:2432:24:VerifyTxFrame	16	static
LoRaMac.c:2451:24:SerializeTxFrame	16	static
LoRaMac.c:2481:24:ScheduleTx	72	static
LoRaMac.c:2557:24:SecureFrame	24	static
LoRaMac.c:2599:13:CalculateBackOff	4	static
LoRaMac.c:2611:13:RemoveMacCommands	16	static
LoRaMac.c:2631:13:ResetMacParameters	24	static
LoRaMac.c:2689:13:RxWindowSetup	16	static
LoRaMac.c:2703:13:OpenContinuousRxCWindow	24	static
LoRaMac.c:2725:24:PrepareFrame	40	static
LoRaMac.c:2830:24:SendFrameOnChannel	48	static
LoRaMac.c:2893:24:SetTxContinuousWave	32	static
LoRaMac.c:2911:24:SetTxContinuousWave1	16	static
LoRaMac.c:2920:23:GetCtxs	16	static
LoRaMac.c:2935:24:RestoreCtxs	24	static
LoRaMac.c:2992:24:DetermineFrameType	16	static
LoRaMac.c:3044:13:CheckRetransUnconfirmedUplink	4	static
LoRaMac.c:3070:13:CheckRetransConfirmedUplink	4	static
LoRaMac.c:3088:13:StopRetransmission	4	static
LoRaMac.c:3109:13:AckTimeoutRetriesProcess	24	static
LoRaMac.c:3128:13:AckTimeoutRetriesFinalize	16	static
LoRaMac.c:3143:13:CallNvmCtxCallback	16	static
LoRaMac.c:3151:13:EventMacNvmCtxChanged	8	static
LoRaMac.c:3156:13:EventRegionNvmCtxChanged	8	static
LoRaMac.c:3161:13:EventCryptoNvmCtxChanged	8	static
LoRaMac.c:3166:13:EventSecureElementNvmCtxChanged	8	static
LoRaMac.c:3171:13:EventCommandsNvmCtxChanged	8	static
LoRaMac.c:3176:13:EventClassBNvmCtxChanged	8	static
LoRaMac.c:3181:13:EventConfirmQueueNvmCtxChanged	8	static
LoRaMac.c:3186:16:IsRequestPending	4	static
LoRaMac.c:3197:6:LoRaMacIsBusy	4	static
LoRaMac.c:3207:6:LoRaMacProcess	16	static
LoRaMac.c:3242:17:LoRaMacInitialization	112	static
LoRaMac.c:3463:17:LoRaMacStart	4	static
LoRaMac.c:3469:17:LoRaMacStop	8	static
LoRaMac.c:3483:17:LoRaMacQueryTxPossible	48	static
LoRaMac.c:3541:17:LoRaMacMibGetRequestConfirm	40	static
LoRaMac.c:3733:17:LoRaMacMibSetRequestConfirm	32	static
LoRaMac.c:4404:17:LoRaMacChannelAdd	40	static
LoRaMac.c:4424:17:LoRaMacChannelRemove	24	static
LoRaMac.c:4447:17:LoRaMacMcChannelSetup	40	static
LoRaMac.c:4511:17:LoRaMacMcChannelDelete	56	static
LoRaMac.c:4536:9:LoRaMacMcChannelGetGroupId	24	static
LoRaMac.c:4548:17:LoRaMacMcChannelSetupRxParams	32	static
LoRaMac.c:4614:17:LoRaMacMlmeRequest	40	static
LoRaMac.c:4768:17:LoRaMacMcpsRequest	56	static
LoRaMac.c:4882:6:LoRaMacTestSetDutyCycleOn	24	static
LoRaMac.c:4894:17:LoRaMacDeInitialization	8	static
