LmHandler.c:298:24:LmHandlerInit	16	static
LmHandler.c:326:24:LmHandlerConfigure	120	static
LmHandler.c:413:6:LmHandlerIsBusy	8	static
LmHandler.c:434:6:LmHandlerProcess	16	static
LmHandler.c:454:23:LmHandlerJoinStatus	48	static
LmHandler.c:479:6:LmHandlerJoin	80	static
LmHandler.c:562:24:LmHandlerStop	8	static
LmHandler.c:574:24:LmHandlerSend	56	static
LmHandler.c:670:24:LmHandlerRequestClass	56	static
LmHandler.c:756:24:LmHandlerPackageRegister	24	static
LmHandler.c:790:9:LmHandlerGetCurrentClass	56	static
LmHandler.c:808:9:LmHandlerGetTxDatarate	56	static
LmHandler.c:827:9:LmHandlerGetActiveRegion	16	static
LmHandler.c:838:9:LmHandlerGetDevEUI	16	static
LmHandler.c:849:9:LmHandlerSetDevEUI	56	static
LmHandler.c:876:9:LmHandlerGetAppEUI	16	static
LmHandler.c:888:9:LmHandlerSetAppEUI	16	static
LmHandler.c:903:9:LmHandlerGetNetworkID	16	static
LmHandler.c:914:9:LmHandlerSetNetworkID	16	static
LmHandler.c:929:9:LmHandlerGetDevAddr	16	static
LmHandler.c:940:9:LmHandlerSetDevAddr	16	static
LmHandler.c:959:9:LmHandlerSetActiveRegion	16	static
LmHandler.c:974:9:LmHandlerGetAdrEnable	16	static
LmHandler.c:985:9:LmHandlerSetAdrEnable	56	static
LmHandler.c:999:9:LmHandlerSetTxDatarate	56	static
LmHandler.c:1019:9:LmHandlerGetDutyCycleEnable	16	static
LmHandler.c:1030:9:LmHandlerSetDutyCycleEnable	16	static
LmHandler.c:1038:9:LmHandlerGetRX2Params	56	static
LmHandler.c:1058:9:LmHandlerGetTxPower	56	static
LmHandler.c:1076:9:LmHandlerGetRx1Delay	56	static
LmHandler.c:1094:9:LmHandlerGetRx2Delay	56	static
LmHandler.c:1112:9:LmHandlerGetJoinRx1Delay	56	static
LmHandler.c:1130:9:LmHandlerGetJoinRx2Delay	56	static
LmHandler.c:1148:9:LmHandlerSetTxPower	56	static
LmHandler.c:1162:9:LmHandlerSetRX2Params	56	static
LmHandler.c:1177:9:LmHandlerSetRx1Delay	56	static
LmHandler.c:1190:9:LmHandlerSetRx2Delay	56	static
LmHandler.c:1203:9:LmHandlerSetJoinRx1Delay	56	static
LmHandler.c:1216:9:LmHandlerSetJoinRx2Delay	56	static
LmHandler.c:1229:9:LmHandlerGetPingPeriodicity	16	static
LmHandler.c:1244:9:LmHandlerSetPingPeriodicity	16	static
LmHandler.c:1263:9:LmHandlerGetBeaconState	16	static
LmHandler.c:1293:31:LmHandlerDeviceTimeReq	32	static
LmHandler.c:1362:13:McpsConfirm	16	static
LmHandler.c:1377:13:McpsIndication	40	static
LmHandler.c:1423:13:MlmeConfirm	56	static
LmHandler.c:1516:13:MlmeIndication	16	static
LmHandler.c:1567:13:LmHandlerPackageIsInitialized	16	static
LmHandler.c:1579:13:LmHandlerPackagesNotify	24	static
LmHandler.c:1620:13:DisplayClassUpdate	24	static
