../LoRaWAN/App/lora_app.c:233:6:LoRaWAN_Init	24	static
../LoRaWAN/App/lora_app.c:354:6:HAL_GPIO_EXTI_Callback	16	static
../LoRaWAN/App/lora_app.c:393:13:OnRxData	48	static
../LoRaWAN/App/lora_app.c:482:13:SendTxData	80	static
../LoRaWAN/App/lora_app.c:573:13:OnTxTimerEvent	16	static
../LoRaWAN/App/lora_app.c:588:13:OnTxTimerLedEvent	16	static
../LoRaWAN/App/lora_app.c:604:13:OnRxTimerLedEvent	16	static
../LoRaWAN/App/lora_app.c:620:13:OnJoinTimerLedEvent	16	static
../LoRaWAN/App/lora_app.c:636:13:OnTxData	32	static
../LoRaWAN/App/lora_app.c:671:13:OnJoinRequest	16	static
../LoRaWAN/App/lora_app.c:710:13:OnMacProcessNotify	8	static
