../Core/Src/bme680.c:281:8:bme680_init	24	static
../Core/Src/bme680.c:309:8:bme680_get_regs	40	static
../Core/Src/bme680.c:334:8:bme680_set_regs	80	static
../Core/Src/bme680.c:373:8:bme680_soft_reset	24	static
../Core/Src/bme680.c:407:8:bme680_set_sensor_settings	40	static
../Core/Src/bme680.c:531:8:bme680_get_sensor_settings	24	static
../Core/Src/bme680.c:583:8:bme680_set_sensor_mode	24	static
../Core/Src/bme680.c:622:8:bme680_get_sensor_mode	24	static
../Core/Src/bme680.c:641:6:bme680_set_profile_dur	32	static
../Core/Src/bme680.c:666:6:bme680_get_profile_dur	32	static
../Core/Src/bme680.c:699:8:bme680_get_sensor_data	24	static
../Core/Src/bme680.c:722:15:get_calib_data	64	static
../Core/Src/bme680.c:801:15:set_gas_config	24	static
../Core/Src/bme680.c:833:15:get_gas_config	24	static
../Core/Src/bme680.c:870:16:calc_temperature	96	static
../Core/Src/bme680.c:890:17:calc_pressure	32	static
../Core/Src/bme680.c:931:17:calc_humidity	48	static
../Core/Src/bme680.c:967:17:calc_gas_resistance	280	static
../Core/Src/bme680.c:996:16:calc_heater_res	48	static
../Core/Src/bme680.c:1182:16:calc_heater_dur	24	static
../Core/Src/bme680.c:1203:15:read_field_data	48	static
../Core/Src/bme680.c:1259:15:set_mem_page	32	static
../Core/Src/bme680.c:1298:15:get_mem_page	32	static
../Core/Src/bme680.c:1320:15:boundary_check	32	static
../Core/Src/bme680.c:1348:15:null_ptr_check	24	static
