core_cm4.h:2059:26:uint32_t ITM_SendChar(uint32_t)	16	static,ignoring_inline_asm
stm32wlxx_ll_rcc.h:1258:22:void LL_RCC_LSE_SetDriveCapability(uint32_t)	16	static
stm32wlxx_ll_bus.h:449:22:void LL_AHB2_GRP1_EnableClock(uint32_t)	24	static
gpsCalls.h:24:6:void setupGPS()	16	static
gpsCalls.h:40:6:void loopGPS()	48	static
main.c:143:6:void myMX_GPIO_Init()	32	static
main.c:166:6:void SWO_Init(uint32_t, uint32_t)	24	static
main.c:186:6:void SWO_PrintChar(char, uint8_t)	24	static
main.c:214:6:void SWO_PrintString(const char*, uint8_t)	16	static
main.c:220:6:void ITM_PrintString(const char*)	16	static
main.c:230:5:int _write(int, char*, int)	32	static
main.c:255:5:int main()	16	static
main.c:334:6:void SystemClock_Config()	112	static
main.c:382:6:void Error_Handler()	4	static,ignoring_inline_asm
main.c:390:1:void __static_initialization_and_destruction_0(int, int)	16	static
main.c:390:1:c)	8	static
