../Drivers/STM32WLxx_HAL_Driver/Inc/stm32wlxx_ll_rcc.h:1258:22:void LL_RCC_LSE_SetDriveCapability(uint32_t)	16	static
c:\st\stm32cubeide_1.9.0\stm32cubeide\plugins\com.st.stm32cube.ide.mcu.externaltools.gnu-tools-for-stm32.10.3-2021.10.win32_1.0.0.202111181127\tools\arm-none-eabi\include\c++\10.3.1\cmath:144:3:constexpr float std::atan2(float, float)	16	static
c:\st\stm32cubeide_1.9.0\stm32cubeide\plugins\com.st.stm32cube.ide.mcu.externaltools.gnu-tools-for-stm32.10.3-2021.10.win32_1.0.0.202111181127\tools\arm-none-eabi\include\c++\10.3.1\cmath:184:3:constexpr float std::cos(float)	16	static
c:\st\stm32cubeide_1.9.0\stm32cubeide\plugins\com.st.stm32cube.ide.mcu.externaltools.gnu-tools-for-stm32.10.3-2021.10.win32_1.0.0.202111181127\tools\arm-none-eabi\include\c++\10.3.1\cmath:463:3:constexpr float std::sqrt(float)	16	static
../Core/Inc/gpsCalls.h:24:6:void setupGPS()	16	static
../Core/Inc/gpsCalls.h:40:6:void loopGPS(long int*, long int*)	48	static
../Core/Inc/gpsCalls.h:74:6:long int loopsGroundSpeed()	24	static
../Core/Src/main.c:57:7:float degtoRad(long int)	24	static
../Core/Src/main.c:65:7:float haversineDistance(float (*)(long int), long int, long int, long int, long int)	72	static
../Core/Src/main.c:185:5:int main()	168	static
../Core/Src/main.c:453:6:void SystemClock_Config()	112	static
../Core/Src/main.c:501:6:void Error_Handler()	4	static,ignoring_inline_asm
c:\st\stm32cubeide_1.9.0\stm32cubeide\plugins\com.st.stm32cube.ide.mcu.externaltools.gnu-tools-for-stm32.10.3-2021.10.win32_1.0.0.202111181127\tools\arm-none-eabi\include\c++\10.3.1\cmath:415:5:constexpr typename __gnu_cxx::__promote_2<_Tp, _Up>::__type std::pow(_Tp, _Up) [with _Tp = double; _Up = int]	24	static
../Core/Src/main.c:509:1:void __static_initialization_and_destruction_0(int, int)	16	static
../Core/Src/main.c:509:1:c)	8	static
