../Core/Src/stm32wlxx_it.c:81:6:NMI_Handler	4	static
../Core/Src/stm32wlxx_it.c:96:6:HardFault_Handler	4	static
../Core/Src/stm32wlxx_it.c:111:6:MemManage_Handler	4	static
../Core/Src/stm32wlxx_it.c:126:6:BusFault_Handler	4	static
../Core/Src/stm32wlxx_it.c:141:6:UsageFault_Handler	4	static
../Core/Src/stm32wlxx_it.c:156:6:SVC_Handler	4	static
../Core/Src/stm32wlxx_it.c:169:6:DebugMon_Handler	4	static
../Core/Src/stm32wlxx_it.c:182:6:PendSV_Handler	4	static
../Core/Src/stm32wlxx_it.c:195:6:SysTick_Handler	8	static
../Core/Src/stm32wlxx_it.c:220:6:TAMP_STAMP_LSECSS_SSRU_IRQHandler	8	static
../Core/Src/stm32wlxx_it.c:234:6:EXTI0_IRQHandler	8	static
../Core/Src/stm32wlxx_it.c:248:6:EXTI1_IRQHandler	8	static
../Core/Src/stm32wlxx_it.c:262:6:DMA1_Channel1_IRQHandler	8	static
../Core/Src/stm32wlxx_it.c:276:6:DMA1_Channel2_IRQHandler	8	static
../Core/Src/stm32wlxx_it.c:290:6:DMA1_Channel5_IRQHandler	8	static
../Core/Src/stm32wlxx_it.c:304:6:I2C1_EV_IRQHandler	8	static
../Core/Src/stm32wlxx_it.c:318:6:I2C1_ER_IRQHandler	8	static
../Core/Src/stm32wlxx_it.c:332:6:USART2_IRQHandler	8	static
../Core/Src/stm32wlxx_it.c:346:6:RTC_Alarm_IRQHandler	8	static
../Core/Src/stm32wlxx_it.c:360:6:SUBGHZ_Radio_IRQHandler	8	static
