../Drivers/STM32WLxx_HAL_Driver/Inc/stm32wlxx_ll_rcc.h:1972:22:LL_RCC_SetClkAfterWakeFromStop	16	static
../Drivers/STM32WLxx_HAL_Driver/Inc/stm32wlxx_ll_bus.h:449:22:LL_AHB2_GRP1_EnableClock	24	static
../Drivers/STM32WLxx_HAL_Driver/Inc/stm32wlxx_ll_bus.h:489:22:LL_AHB2_GRP1_DisableClock	16	static
../Drivers/STM32WLxx_HAL_Driver/Inc/stm32wlxx_ll_system.h:1879:26:LL_FLASH_GetUDN	4	static
../Drivers/STM32WLxx_HAL_Driver/Inc/stm32wlxx_ll_system.h:1889:26:LL_FLASH_GetDeviceID	4	static
../Drivers/STM32WLxx_HAL_Driver/Inc/stm32wlxx_ll_system.h:1899:26:LL_FLASH_GetSTCompanyID	4	static
../Core/Src/sys_app.c:96:6:SystemApp_Init	8	static
../Core/Src/sys_app.c:147:6:UTIL_SEQ_Idle	8	static
../Core/Src/sys_app.c:158:9:GetBatteryLevel	24	static
../Core/Src/sys_app.c:192:10:GetTemperatureLevel	16	static
../Core/Src/sys_app.c:203:6:GetUniqueId	40	static
../Core/Src/sys_app.c:243:10:GetDevAddr	24	static
../Core/Src/sys_app.c:268:13:TimestampNow	32	static
../Core/Src/sys_app.c:281:13:Gpio_PreInit	32	static
../Core/Src/sys_app.c:323:6:UTIL_ADV_TRACE_PreSendHook	8	static
../Core/Src/sys_app.c:334:6:UTIL_ADV_TRACE_PostSendHook	8	static
../Core/Src/sys_app.c:345:13:tiny_snprintf_like	24	static
../Core/Src/sys_app.c:370:19:HAL_InitTick	16	static
../Core/Src/sys_app.c:387:10:HAL_GetTick	8	static
../Core/Src/sys_app.c:404:6:HAL_Delay	16	static
