core_cm4.h:2059:26:ITM_SendChar	16	static,ignoring_inline_asm
stm32wlxx_ll_rtc.h:1527:26:LL_RTC_TIME_GetSubSecond	16	static
timer_if.c:81:6:xITM_PrintString	16	static
timer_if.c:183:21:TIMER_IF_Init	16	static
timer_if.c:217:21:TIMER_IF_StartTimer	64	static
timer_if.c:245:21:TIMER_IF_StopTimer	16	static
timer_if.c:263:10:TIMER_IF_SetTimerContext	8	static
timer_if.c:277:10:TIMER_IF_GetTimerContext	4	static
timer_if.c:288:10:TIMER_IF_GetTimerElapsedTime	8	static
timer_if.c:299:10:TIMER_IF_GetTimerValue	8	static
timer_if.c:317:10:TIMER_IF_GetMinimumTimeout	4	static
timer_if.c:328:10:TIMER_IF_Convert_ms2Tick	24	static
timer_if.c:339:10:TIMER_IF_Convert_Tick2ms	24	static
timer_if.c:350:6:TIMER_IF_DelayMs	24	static,ignoring_inline_asm
timer_if.c:368:6:HAL_RTC_AlarmAEventCallback	16	static
timer_if.c:379:6:HAL_RTCEx_SSRUEventCallback	24	static
timer_if.c:394:10:TIMER_IF_GetTime	56	static
timer_if.c:417:6:TIMER_IF_BkUp_Write_Seconds	16	static
timer_if.c:428:6:TIMER_IF_BkUp_Write_SubSeconds	16	static
timer_if.c:439:10:TIMER_IF_BkUp_Read_Seconds	8	static
timer_if.c:450:10:TIMER_IF_BkUp_Read_SubSeconds	8	static
timer_if.c:466:13:TIMER_IF_BkUp_Write_MSBticks	16	static
timer_if.c:477:17:TIMER_IF_BkUp_Read_MSBticks	16	static
timer_if.c:490:24:GetTimerTicks	8	static
