../Core/Src/Ublox.cpp:78:16:uint8_t wait_for_gpio_state_timeout(GPIO_TypeDef*, uint16_t, GPIO_PinState, uint32_t)	32	static,ignoring_inline_asm
../Core/Src/Ublox.cpp:182:6:void delay_us(uint16_t)	16	static
../Core/Src/Ublox.cpp:188:6:bool i2cOk()	8	static
../Core/Src/Ublox.cpp:205:1:SFE_UBLOX_GPS::SFE_UBLOX_GPS()	16	static
../Core/Src/Ublox.cpp:243:9:bool SFE_UBLOX_GPS::begin(uint8_t)	16	static
../Core/Src/Ublox.cpp:276:6:void SFE_UBLOX_GPS::setI2CTransactionSize(uint8_t)	16	static
../Core/Src/Ublox.cpp:280:9:uint8_t SFE_UBLOX_GPS::getI2CTransactionSize()	16	static
../Core/Src/Ublox.cpp:302:6:void SFE_UBLOX_GPS::disableDebugging()	16	static
../Core/Src/Ublox.cpp:309:6:void SFE_UBLOX_GPS::debugPrint(char*)	16	static
../Core/Src/Ublox.cpp:317:6:void SFE_UBLOX_GPS::debugPrintln(char*)	16	static
../Core/Src/Ublox.cpp:326:13:const char* SFE_UBLOX_GPS::statusString(sfe_ublox_status_e)	16	static
../Core/Src/Ublox.cpp:380:6:void SFE_UBLOX_GPS::factoryReset()	24	static
../Core/Src/Ublox.cpp:399:6:void SFE_UBLOX_GPS::hardReset()	16	static
../Core/Src/Ublox.cpp:415:6:void SFE_UBLOX_GPS::setSerialRate(uint32_t, uint8_t, uint16_t)	32	static
../Core/Src/Ublox.cpp:454:9:bool SFE_UBLOX_GPS::setI2CAddress(uint8_t, uint16_t)	16	static
../Core/Src/Ublox.cpp:485:9:bool SFE_UBLOX_GPS::checkUblox(uint8_t, uint8_t)	16	static
../Core/Src/Ublox.cpp:491:9:bool SFE_UBLOX_GPS::checkUbloxInternal(ubxPacket*, uint8_t, uint8_t)	24	static
../Core/Src/Ublox.cpp:503:9:bool SFE_UBLOX_GPS::checkUbloxI2C(ubxPacket*, uint8_t, uint8_t)	176	static
../Core/Src/Ublox.cpp:656:6:void SFE_UBLOX_GPS::process(uint8_t, ubxPacket*, uint8_t, uint8_t)	32	static
../Core/Src/Ublox.cpp:880:6:void SFE_UBLOX_GPS::processNMEA(char)	16	static
../Core/Src/Ublox.cpp:900:6:void SFE_UBLOX_GPS::processRTCMframe(uint8_t)	16	static
../Core/Src/Ublox.cpp:934:6:void SFE_UBLOX_GPS::processRTCM(uint8_t)	16	static
../Core/Src/Ublox.cpp:953:6:void SFE_UBLOX_GPS::processUBX(uint8_t, ubxPacket*, uint8_t, uint8_t)	32	static
../Core/Src/Ublox.cpp:1179:6:void SFE_UBLOX_GPS::processUBXpacket(ubxPacket*)	32	static
../Core/Src/Ublox.cpp:1427:20:sfe_ublox_status_e SFE_UBLOX_GPS::sendCommand(ubxPacket*, uint16_t)	40	static
../Core/Src/Ublox.cpp:1484:20:sfe_ublox_status_e SFE_UBLOX_GPS::sendI2cCommand(ubxPacket*, uint16_t)	48	static
../Core/Src/Ublox.cpp:1591:6:void SFE_UBLOX_GPS::sendSerialCommand(ubxPacket*)	24	static
../Core/Src/Ublox.cpp:1613:9:bool SFE_UBLOX_GPS::isConnected(uint16_t)	16	static
../Core/Src/Ublox.cpp:1633:6:void SFE_UBLOX_GPS::calcChecksum(ubxPacket*)	24	static
../Core/Src/Ublox.cpp:1659:6:void SFE_UBLOX_GPS::addToChecksum(uint8_t)	16	static
../Core/Src/Ublox.cpp:1666:6:void SFE_UBLOX_GPS::printPacket(ubxPacket*)	16	static
../Core/Src/Ublox.cpp:1759:20:sfe_ublox_status_e SFE_UBLOX_GPS::waitForACKResponse(ubxPacket*, uint8_t, uint8_t, uint16_t)	32	static
../Core/Src/Ublox.cpp:1929:20:sfe_ublox_status_e SFE_UBLOX_GPS::waitForNoACKResponse(ubxPacket*, uint8_t, uint8_t, uint16_t)	32	static
../Core/Src/Ublox.cpp:2022:9:bool SFE_UBLOX_GPS::saveConfiguration(uint16_t)	24	static
../Core/Src/Ublox.cpp:2041:9:bool SFE_UBLOX_GPS::saveConfigSelective(uint32_t, uint16_t)	32	static
../Core/Src/Ublox.cpp:2062:9:bool SFE_UBLOX_GPS::factoryDefault(uint16_t)	24	static
../Core/Src/Ublox.cpp:2085:20:sfe_ublox_status_e SFE_UBLOX_GPS::getVal(uint32_t, uint8_t, uint16_t)	32	static
../Core/Src/Ublox.cpp:2144:9:uint8_t SFE_UBLOX_GPS::getVal8(uint32_t, uint8_t, uint16_t)	24	static
../Core/Src/Ublox.cpp:2151:10:uint16_t SFE_UBLOX_GPS::getVal16(uint32_t, uint8_t, uint16_t)	24	static
../Core/Src/Ublox.cpp:2158:10:uint32_t SFE_UBLOX_GPS::getVal32(uint32_t, uint8_t, uint16_t)	24	static
../Core/Src/Ublox.cpp:2167:10:uint32_t SFE_UBLOX_GPS::createKey(uint16_t, uint16_t, uint8_t)	32	static
../Core/Src/Ublox.cpp:2179:9:uint8_t SFE_UBLOX_GPS::getVal8(uint16_t, uint16_t, uint8_t, uint8_t, uint16_t)	32	static
../Core/Src/Ublox.cpp:2184:10:uint16_t SFE_UBLOX_GPS::getVal16(uint16_t, uint16_t, uint8_t, uint8_t, uint16_t)	32	static
../Core/Src/Ublox.cpp:2189:10:uint32_t SFE_UBLOX_GPS::getVal32(uint16_t, uint16_t, uint8_t, uint8_t, uint16_t)	32	static
../Core/Src/Ublox.cpp:2199:9:uint8_t SFE_UBLOX_GPS::setVal(uint32_t, uint16_t, uint8_t, uint16_t)	32	static
../Core/Src/Ublox.cpp:2208:9:uint8_t SFE_UBLOX_GPS::setVal16(uint32_t, uint16_t, uint8_t, uint16_t)	32	static
../Core/Src/Ublox.cpp:2240:9:uint8_t SFE_UBLOX_GPS::setVal8(uint32_t, uint8_t, uint8_t, uint16_t)	32	static
../Core/Src/Ublox.cpp:2271:9:uint8_t SFE_UBLOX_GPS::setVal32(uint32_t, uint32_t, uint8_t, uint16_t)	32	static
../Core/Src/Ublox.cpp:2305:9:uint8_t SFE_UBLOX_GPS::newCfgValset32(uint32_t, uint32_t, uint8_t)	32	static
../Core/Src/Ublox.cpp:2339:9:uint8_t SFE_UBLOX_GPS::newCfgValset16(uint32_t, uint16_t, uint8_t)	32	static
../Core/Src/Ublox.cpp:2371:9:uint8_t SFE_UBLOX_GPS::newCfgValset8(uint32_t, uint8_t, uint8_t)	32	static
../Core/Src/Ublox.cpp:2400:9:uint8_t SFE_UBLOX_GPS::addCfgValset32(uint32_t, uint32_t)	24	static
../Core/Src/Ublox.cpp:2423:9:uint8_t SFE_UBLOX_GPS::addCfgValset16(uint32_t, uint16_t)	24	static
../Core/Src/Ublox.cpp:2444:9:uint8_t SFE_UBLOX_GPS::addCfgValset8(uint32_t, uint8_t)	24	static
../Core/Src/Ublox.cpp:2464:9:uint8_t SFE_UBLOX_GPS::sendCfgValset32(uint32_t, uint32_t, uint16_t)	24	static
../Core/Src/Ublox.cpp:2475:9:uint8_t SFE_UBLOX_GPS::sendCfgValset16(uint32_t, uint16_t, uint16_t)	24	static
../Core/Src/Ublox.cpp:2486:9:uint8_t SFE_UBLOX_GPS::sendCfgValset8(uint32_t, uint8_t, uint16_t)	24	static
../Core/Src/Ublox.cpp:2496:9:bool SFE_UBLOX_GPS::getSurveyMode(uint16_t)	16	static
../Core/Src/Ublox.cpp:2507:9:bool SFE_UBLOX_GPS::setSurveyMode(uint8_t, uint16_t, float, uint16_t)	32	static
../Core/Src/Ublox.cpp:2541:9:bool SFE_UBLOX_GPS::enableSurveyMode(uint16_t, float, uint16_t)	32	static
../Core/Src/Ublox.cpp:2547:9:bool SFE_UBLOX_GPS::disableSurveyMode(uint16_t)	24	static
../Core/Src/Ublox.cpp:2555:9:bool SFE_UBLOX_GPS::getSurveyStatus(uint16_t)	24	static
../Core/Src/Ublox.cpp:2596:9:bool SFE_UBLOX_GPS::getPortSettings(uint8_t, uint16_t)	16	static
../Core/Src/Ublox.cpp:2611:9:bool SFE_UBLOX_GPS::setPortOutput(uint8_t, uint8_t, uint16_t)	16	static
../Core/Src/Ublox.cpp:2631:9:bool SFE_UBLOX_GPS::setPortInput(uint8_t, uint8_t, uint16_t)	16	static
../Core/Src/Ublox.cpp:2650:9:bool SFE_UBLOX_GPS::setI2COutput(uint8_t, uint16_t)	16	static
../Core/Src/Ublox.cpp:2654:9:bool SFE_UBLOX_GPS::setUART1Output(uint8_t, uint16_t)	16	static
../Core/Src/Ublox.cpp:2658:9:bool SFE_UBLOX_GPS::setUART2Output(uint8_t, uint16_t)	16	static
../Core/Src/Ublox.cpp:2662:9:bool SFE_UBLOX_GPS::setUSBOutput(uint8_t, uint16_t)	16	static
../Core/Src/Ublox.cpp:2666:9:bool SFE_UBLOX_GPS::setSPIOutput(uint8_t, uint16_t)	16	static
../Core/Src/Ublox.cpp:2674:9:bool SFE_UBLOX_GPS::setNavigationFrequency(uint8_t, uint16_t)	24	static
../Core/Src/Ublox.cpp:2701:9:uint8_t SFE_UBLOX_GPS::getNavigationFrequency(uint16_t)	24	static
../Core/Src/Ublox.cpp:2722:9:bool SFE_UBLOX_GPS::assumeAutoPVT(bool, bool)	24	static
../Core/Src/Ublox.cpp:2735:9:bool SFE_UBLOX_GPS::setAutoPVT(bool, uint16_t)	16	static
../Core/Src/Ublox.cpp:2742:9:bool SFE_UBLOX_GPS::setAutoPVT(bool, bool, uint16_t)	24	static
../Core/Src/Ublox.cpp:2764:9:bool SFE_UBLOX_GPS::assumeAutoHPPOSLLH(bool, bool)	24	static
../Core/Src/Ublox.cpp:2777:9:bool SFE_UBLOX_GPS::setAutoHPPOSLLH(bool, uint16_t)	16	static
../Core/Src/Ublox.cpp:2784:9:bool SFE_UBLOX_GPS::setAutoHPPOSLLH(bool, bool, uint16_t)	24	static
../Core/Src/Ublox.cpp:2807:9:bool SFE_UBLOX_GPS::assumeAutoDOP(bool, bool)	24	static
../Core/Src/Ublox.cpp:2820:9:bool SFE_UBLOX_GPS::setAutoDOP(bool, uint16_t)	16	static
../Core/Src/Ublox.cpp:2827:9:bool SFE_UBLOX_GPS::setAutoDOP(bool, bool, uint16_t)	24	static
../Core/Src/Ublox.cpp:2848:9:bool SFE_UBLOX_GPS::configureMessage(uint8_t, uint8_t, uint8_t, uint8_t, uint16_t)	16	static
../Core/Src/Ublox.cpp:2873:9:bool SFE_UBLOX_GPS::enableMessage(uint8_t, uint8_t, uint8_t, uint8_t, uint16_t)	24	static
../Core/Src/Ublox.cpp:2878:9:bool SFE_UBLOX_GPS::disableMessage(uint8_t, uint8_t, uint8_t, uint16_t)	24	static
../Core/Src/Ublox.cpp:2883:9:bool SFE_UBLOX_GPS::enableNMEAMessage(uint8_t, uint8_t, uint8_t, uint16_t)	24	static
../Core/Src/Ublox.cpp:2887:9:bool SFE_UBLOX_GPS::disableNMEAMessage(uint8_t, uint8_t, uint16_t)	24	static
../Core/Src/Ublox.cpp:2907:9:bool SFE_UBLOX_GPS::enableRTCMmessage(uint8_t, uint8_t, uint8_t, uint16_t)	24	static
../Core/Src/Ublox.cpp:2913:9:bool SFE_UBLOX_GPS::disableRTCMmessage(uint8_t, uint8_t, uint16_t)	24	static
../Core/Src/Ublox.cpp:2919:9:bool SFE_UBLOX_GPS::addGeofence(int32_t, int32_t, uint32_t, uint8_t, uint8_t, uint8_t, uint16_t)	24	static
../Core/Src/Ublox.cpp:3011:9:bool SFE_UBLOX_GPS::clearGeofences(uint16_t)	16	static
../Core/Src/Ublox.cpp:3035:9:bool SFE_UBLOX_GPS::clearAntPIO(uint16_t)	16	static
../Core/Src/Ublox.cpp:3051:9:bool SFE_UBLOX_GPS::getGeofenceState(geofenceState&, uint16_t)	24	static
../Core/Src/Ublox.cpp:3079:9:bool SFE_UBLOX_GPS::powerSaveMode(bool, uint16_t)	24	static
../Core/Src/Ublox.cpp:3127:9:uint8_t SFE_UBLOX_GPS::getPowerSaveMode(uint16_t)	24	static
../Core/Src/Ublox.cpp:3164:9:bool SFE_UBLOX_GPS::powerOff(uint32_t, uint16_t)	24	static
../Core/Src/Ublox.cpp:3210:9:bool SFE_UBLOX_GPS::powerOffWithInterrupt(uint32_t, uint32_t, bool, uint16_t)	24	static
../Core/Src/Ublox.cpp:3289:9:bool SFE_UBLOX_GPS::setDynamicModel(dynModel, uint16_t)	16	static
../Core/Src/Ublox.cpp:3312:9:uint8_t SFE_UBLOX_GPS::getDynamicModel(uint16_t)	16	static
../Core/Src/Ublox.cpp:3327:10:uint32_t SFE_UBLOX_GPS::extractLong(uint8_t)	24	static
../Core/Src/Ublox.cpp:3338:9:int32_t SFE_UBLOX_GPS::extractSignedLong(uint8_t)	24	static
../Core/Src/Ublox.cpp:3351:10:uint16_t SFE_UBLOX_GPS::extractInt(uint8_t)	24	static
../Core/Src/Ublox.cpp:3360:9:int16_t SFE_UBLOX_GPS::extractSignedInt(int8_t)	24	static
../Core/Src/Ublox.cpp:3373:9:uint8_t SFE_UBLOX_GPS::extractByte(uint8_t)	16	static
../Core/Src/Ublox.cpp:3379:8:int8_t SFE_UBLOX_GPS::extractSignedChar(uint8_t)	16	static
../Core/Src/Ublox.cpp:3385:10:uint16_t SFE_UBLOX_GPS::getYear(uint16_t)	16	static
../Core/Src/Ublox.cpp:3394:9:uint8_t SFE_UBLOX_GPS::getMonth(uint16_t)	16	static
../Core/Src/Ublox.cpp:3403:9:uint8_t SFE_UBLOX_GPS::getDay(uint16_t)	16	static
../Core/Src/Ublox.cpp:3412:9:uint8_t SFE_UBLOX_GPS::getHour(uint16_t)	16	static
../Core/Src/Ublox.cpp:3421:9:uint8_t SFE_UBLOX_GPS::getMinute(uint16_t)	16	static
../Core/Src/Ublox.cpp:3430:9:uint8_t SFE_UBLOX_GPS::getSecond(uint16_t)	16	static
../Core/Src/Ublox.cpp:3439:6:bool SFE_UBLOX_GPS::getDateValid(uint16_t)	16	static
../Core/Src/Ublox.cpp:3448:6:bool SFE_UBLOX_GPS::getTimeValid(uint16_t)	16	static
../Core/Src/Ublox.cpp:3456:10:uint32_t SFE_UBLOX_GPS::getSpeedAccEst(uint16_t)	16	static
../Core/Src/Ublox.cpp:3464:10:uint32_t SFE_UBLOX_GPS::getHeadingAccEst(uint16_t)	16	static
../Core/Src/Ublox.cpp:3472:6:bool SFE_UBLOX_GPS::getInvalidLlh(uint16_t)	16	static
../Core/Src/Ublox.cpp:3480:9:int32_t SFE_UBLOX_GPS::getHeadVeh(uint16_t)	16	static
../Core/Src/Ublox.cpp:3488:9:int16_t SFE_UBLOX_GPS::getMagDec(uint16_t)	16	static
../Core/Src/Ublox.cpp:3496:10:uint16_t SFE_UBLOX_GPS::getMagAcc(uint16_t)	16	static
../Core/Src/Ublox.cpp:3505:10:uint16_t SFE_UBLOX_GPS::getMillisecond(uint16_t)	16	static
../Core/Src/Ublox.cpp:3514:9:int32_t SFE_UBLOX_GPS::getNanosecond(uint16_t)	16	static
../Core/Src/Ublox.cpp:3523:9:bool SFE_UBLOX_GPS::getPVT(uint16_t)	24	static
../Core/Src/Ublox.cpp:3590:10:uint32_t SFE_UBLOX_GPS::getTimeOfWeek(uint16_t)	16	static
../Core/Src/Ublox.cpp:3598:9:int32_t SFE_UBLOX_GPS::getHighResLatitude(uint16_t)	16	static
../Core/Src/Ublox.cpp:3608:8:int8_t SFE_UBLOX_GPS::getHighResLatitudeHp(uint16_t)	16	static
../Core/Src/Ublox.cpp:3618:9:int32_t SFE_UBLOX_GPS::getHighResLongitude(uint16_t)	16	static
../Core/Src/Ublox.cpp:3628:8:int8_t SFE_UBLOX_GPS::getHighResLongitudeHp(uint16_t)	16	static
../Core/Src/Ublox.cpp:3638:9:int32_t SFE_UBLOX_GPS::getElipsoid(uint16_t)	16	static
../Core/Src/Ublox.cpp:3648:8:int8_t SFE_UBLOX_GPS::getElipsoidHp(uint16_t)	16	static
../Core/Src/Ublox.cpp:3658:9:int32_t SFE_UBLOX_GPS::getMeanSeaLevel(uint16_t)	16	static
../Core/Src/Ublox.cpp:3668:8:int8_t SFE_UBLOX_GPS::getMeanSeaLevelHp(uint16_t)	16	static
../Core/Src/Ublox.cpp:3679:9:int32_t SFE_UBLOX_GPS::getGeoidSeparation(uint16_t)	16	static
../Core/Src/Ublox.cpp:3689:10:uint32_t SFE_UBLOX_GPS::getHorizontalAccuracy(uint16_t)	16	static
../Core/Src/Ublox.cpp:3699:10:uint32_t SFE_UBLOX_GPS::getVerticalAccuracy(uint16_t)	16	static
../Core/Src/Ublox.cpp:3709:9:bool SFE_UBLOX_GPS::getHPPOSLLH(uint16_t)	24	static
../Core/Src/Ublox.cpp:3774:10:uint16_t SFE_UBLOX_GPS::getGeometricDOP(uint16_t)	16	static
../Core/Src/Ublox.cpp:3784:10:uint16_t SFE_UBLOX_GPS::getPositionDOP(uint16_t)	16	static
../Core/Src/Ublox.cpp:3794:10:uint16_t SFE_UBLOX_GPS::getTimeDOP(uint16_t)	16	static
../Core/Src/Ublox.cpp:3804:10:uint16_t SFE_UBLOX_GPS::getVerticalDOP(uint16_t)	16	static
../Core/Src/Ublox.cpp:3814:10:uint16_t SFE_UBLOX_GPS::getHorizontalDOP(uint16_t)	16	static
../Core/Src/Ublox.cpp:3824:10:uint16_t SFE_UBLOX_GPS::getNorthingDOP(uint16_t)	16	static
../Core/Src/Ublox.cpp:3834:10:uint16_t SFE_UBLOX_GPS::getEastingDOP(uint16_t)	16	static
../Core/Src/Ublox.cpp:3844:9:bool SFE_UBLOX_GPS::getDOP(uint16_t)	24	static
../Core/Src/Ublox.cpp:3912:10:uint32_t SFE_UBLOX_GPS::getPositionAccuracy(uint16_t)	24	static
../Core/Src/Ublox.cpp:3933:9:int32_t SFE_UBLOX_GPS::getLatitude(uint16_t)	16	static
../Core/Src/Ublox.cpp:3945:9:int32_t SFE_UBLOX_GPS::getLongitude(uint16_t)	16	static
../Core/Src/Ublox.cpp:3956:9:int32_t SFE_UBLOX_GPS::getAltitude(uint16_t)	16	static
../Core/Src/Ublox.cpp:3969:9:int32_t SFE_UBLOX_GPS::getAltitudeMSL(uint16_t)	16	static
../Core/Src/Ublox.cpp:3979:9:int32_t SFE_UBLOX_GPS::getHorizontalAccEst(uint16_t)	16	static
../Core/Src/Ublox.cpp:3989:9:int32_t SFE_UBLOX_GPS::getVerticalAccEst(uint16_t)	16	static
../Core/Src/Ublox.cpp:3999:9:int32_t SFE_UBLOX_GPS::getNedNorthVel(uint16_t)	16	static
../Core/Src/Ublox.cpp:4009:9:int32_t SFE_UBLOX_GPS::getNedEastVel(uint16_t)	16	static
../Core/Src/Ublox.cpp:4019:9:int32_t SFE_UBLOX_GPS::getNedDownVel(uint16_t)	16	static
../Core/Src/Ublox.cpp:4030:9:uint8_t SFE_UBLOX_GPS::getSIV(uint16_t)	16	static
../Core/Src/Ublox.cpp:4042:9:uint8_t SFE_UBLOX_GPS::getFixType(uint16_t)	16	static
../Core/Src/Ublox.cpp:4055:6:bool SFE_UBLOX_GPS::getGnssFixOk(uint16_t)	16	static
../Core/Src/Ublox.cpp:4066:6:bool SFE_UBLOX_GPS::getDiffSoln(uint16_t)	16	static
../Core/Src/Ublox.cpp:4079:9:uint8_t SFE_UBLOX_GPS::getCarrierSolutionType(uint16_t)	16	static
../Core/Src/Ublox.cpp:4090:6:bool SFE_UBLOX_GPS::getHeadVehValid(uint16_t)	16	static
../Core/Src/Ublox.cpp:4102:9:int32_t SFE_UBLOX_GPS::getGroundSpeed(uint16_t)	16	static
../Core/Src/Ublox.cpp:4113:9:int32_t SFE_UBLOX_GPS::getHeading(uint16_t)	16	static
../Core/Src/Ublox.cpp:4124:10:uint16_t SFE_UBLOX_GPS::getPDOP(uint16_t)	16	static
../Core/Src/Ublox.cpp:4136:9:uint8_t SFE_UBLOX_GPS::getProtocolVersionHigh(uint16_t)	16	static
../Core/Src/Ublox.cpp:4145:9:uint8_t SFE_UBLOX_GPS::getProtocolVersionLow(uint16_t)	16	static
../Core/Src/Ublox.cpp:4154:9:bool SFE_UBLOX_GPS::getProtocolVersion(uint16_t)	24	static
../Core/Src/Ublox.cpp:4205:6:void SFE_UBLOX_GPS::flushPVT()	16	static
../Core/Src/Ublox.cpp:4242:6:void SFE_UBLOX_GPS::flushHPPOSLLH()	16	static
../Core/Src/Ublox.cpp:4261:6:void SFE_UBLOX_GPS::flushDOP()	16	static
../Core/Src/Ublox.cpp:4279:9:bool SFE_UBLOX_GPS::getRELPOSNED(uint16_t)	32	static
../Core/Src/Ublox.cpp:4376:9:bool SFE_UBLOX_GPS::getEsfInfo(uint16_t)	16	static
../Core/Src/Ublox.cpp:4399:9:bool SFE_UBLOX_GPS::getEsfIns(uint16_t)	24	static
../Core/Src/Ublox.cpp:4433:9:bool SFE_UBLOX_GPS::getEsfDataInfo(uint16_t)	48	static
../Core/Src/Ublox.cpp:4482:9:bool SFE_UBLOX_GPS::getEsfRawDataInfo(uint16_t)	24	static
../Core/Src/Ublox.cpp:4507:20:sfe_ublox_status_e SFE_UBLOX_GPS::getSensState(uint8_t, uint16_t)	24	static
../Core/Src/Ublox.cpp:4552:9:bool SFE_UBLOX_GPS::getVehAtt(uint16_t)	16	static
../Core/Src/Ublox.cpp:4581:6:bool SFE_UBLOX_GPS::setStaticPosition(int32_t, int8_t, int32_t, int8_t, int32_t, int8_t, bool, uint16_t)	32	static
../Core/Src/Ublox.cpp:4630:6:bool SFE_UBLOX_GPS::setStaticPosition(int32_t, int32_t, int32_t, bool, uint16_t)	48	static
../Core/Src/Ublox.cpp:4638:9:bool SFE_UBLOX_GPS::pushRawData(uint8_t*, size_t)	40	static
../Core/Src/Ublox.cpp:4687:9:bool SFE_UBLOX_GPS::setHNRNavigationRate(uint8_t, uint16_t)	24	static
../Core/Src/Ublox.cpp:4713:9:uint8_t SFE_UBLOX_GPS::getHNRNavigationRate(uint16_t)	16	static
../Core/Src/Ublox.cpp:4730:9:bool SFE_UBLOX_GPS::assumeAutoHNRAtt(bool, bool)	24	static
../Core/Src/Ublox.cpp:4743:9:bool SFE_UBLOX_GPS::setAutoHNRAtt(bool, uint16_t)	16	static
../Core/Src/Ublox.cpp:4750:9:bool SFE_UBLOX_GPS::setAutoHNRAtt(bool, bool, uint16_t)	24	static
../Core/Src/Ublox.cpp:4775:9:bool SFE_UBLOX_GPS::getHNRAtt(uint16_t)	24	static
../Core/Src/Ublox.cpp:4850:9:bool SFE_UBLOX_GPS::assumeAutoHNRDyn(bool, bool)	24	static
../Core/Src/Ublox.cpp:4863:9:bool SFE_UBLOX_GPS::setAutoHNRDyn(bool, uint16_t)	16	static
../Core/Src/Ublox.cpp:4870:9:bool SFE_UBLOX_GPS::setAutoHNRDyn(bool, bool, uint16_t)	24	static
../Core/Src/Ublox.cpp:4895:9:bool SFE_UBLOX_GPS::getHNRDyn(uint16_t)	24	static
../Core/Src/Ublox.cpp:4970:9:bool SFE_UBLOX_GPS::assumeAutoHNRPVT(bool, bool)	24	static
../Core/Src/Ublox.cpp:4983:9:bool SFE_UBLOX_GPS::setAutoHNRPVT(bool, uint16_t)	16	static
../Core/Src/Ublox.cpp:4990:9:bool SFE_UBLOX_GPS::setAutoHNRPVT(bool, bool, uint16_t)	24	static
../Core/Src/Ublox.cpp:5015:9:bool SFE_UBLOX_GPS::getHNRPVT(uint16_t)	24	static
